// Jest Snapshot v1, https://goo.gl/fbAQLP

exports[`Snapshot should match snapshot 1`] = `
<div>
  <header>
    <div
      className="container"
    >
      <div
        id="header-title"
      >
        <Link
          replace={false}
          to="/"
        >
          <img
            alt="logo"
            src="test-file-stub"
          />
        </Link>
      </div>
      <nav>
        <ul>
          <li>
            <Link
              replace={false}
              to="./available-products"
            >
              Available Products
            </Link>
          </li>
          <li>
            <Link
              replace={false}
              to="./individual-attendant-sale-record"
            >
              Records
            </Link>
          </li>
          <li>
            <input
              name="search"
              onChange={[Function]}
              placeholder="Search Product"
              type="search"
              value=""
            />
          </li>
        </ul>
      </nav>
    </div>
  </header>
  <section
    id="product-area"
  >
    <div
      className="container"
    >
      <h2>
        Products
      </h2>
      <div
        className="products"
      />
    </div>
  </section>
  <section
    className="container cart-section"
  >
    <div
      className="container"
    >
      <h1
        id="cart-title"
      >
        CART
      </h1>
      <div
        className="cart-row"
      >
        <span
          className="cart-item cart-header cart-column"
        >
          ITEM
        </span>
        <span
          className="cart-price cart-header cart-column"
        >
          PRICE
        </span>
        <span
          className="cart-quantity cart-header cart-column"
        >
          QUANTITY
        </span>
      </div>
      <div
        className="cart-items"
      />
      <div
        className="cart-total"
      >
        <strong
          className="cart-total-title"
        >
          Total
        </strong>
        <span
          className="cart-total-price"
        >
          #0
        </span>
      </div>
      <button
        className="purchase-button"
        type="button"
      >
        PURCHASE
      </button>
    </div>
  </section>
  <Footer />
</div>
`;
