// Jest Snapshot v1, https://goo.gl/fbAQLP

exports[`<Header /> render() renders the component 1`] = `
<div>
  <header>
    <div
      className="container"
    >
      <div
        id="header-title"
      >
        <img
          alt="logo"
          src="test-file-stub"
        />
      </div>
      <nav>
        <ul>
          <li>
            <Link
              replace={false}
              to="/login"
            >
              Login
            </Link>
          </li>
        </ul>
      </nav>
    </div>
  </header>
</div>
`;
